<html>
<body>
<pre>
<h1>µVision Build Log</h1>
<h2>Tool Versions:</h2>
IDE-Version: µVision V5.38.0.0
Copyright (C) 2022 ARM Ltd and ARM Germany GmbH. All rights reserved.
License Information: Admin Admin, VT, LIC=MPPLD-8EN4Z-HLSCL-0GP7T-E6BJ5-J5QTJ
 
Tool Versions:
Toolchain:       MDK-ARM Plus  Version: 5.38.0.0
Toolchain Path:  C:\Keil_v5\ARM\ARMCLANG\Bin
C Compiler:      ArmClang.exe V6.19
Assembler:       Armasm.exe V6.19
Linker/Locator:  ArmLink.exe V6.19
Library Manager: ArmAr.exe V6.19
Hex Converter:   FromElf.exe V6.19
CPU DLL:         SARMCM3.DLL V5.38.0.0
Dialog DLL:      DARMCM1.DLL V1.19.6.0
Target DLL:      UL2CM3.DLL V1.164.8.0
Dialog DLL:      TARMCM1.DLL V1.14.6.0
 
<h2>Project:</h2>
E:\HT32\project_template\IP\Example\MDK_ARMv5\Project_52367.uvprojx
Project File Date:  04/10/2023

<h2>Output:</h2>
*** Using Compiler 'V6.19', folder: 'C:\Keil_v5\ARM\ARMCLANG\Bin'
Build target 'HT32'
assembling ht32_op.s...
assembling startup_ht32f5xxxx_03.s...
compiling ht32f5xxxx_01_it.c...
compiling ht32f5xxxx_bftm.c...
compiling system_ht32f5xxxx_03.c...
compiling ht32f5xxxx_crc.c...
compiling ht32f5xxxx_adc.c...
compiling ht32f5xxxx_cmp.c...
compiling ht32_cm0plus_misc.c...
compiling ht32f5xxxx_aes.c...
compiling ht32_usbd_core.c...
compiling main.c...
compiling ht32f5xxxx_ckcu.c...
compiling ht32f5xxxx_dac.c...
compiling ht32f5xxxx_div.c...
compiling ht32f5xxxx_exti.c...
compiling ht32f5xxxx_ebi.c...
compiling ht32f5xxxx_mctm.c...
compiling ht32f5xxxx_i2s.c...
compiling ht32f5xxxx_gpio.c...
compiling ht32f5xxxx_rstcu.c...
compiling ht32f5xxxx_pdma.c...
compiling ht32f5xxxx_rtc.c...
compiling ht32f5xxxx_pwrcu.c...
compiling ht32f5xxxx_i2c.c...
compiling ht32f5xxxx_flash.c...
compiling ht32f5xxxx_sci.c...
compiling ht32f5xxxx_wdt.c...
compiling ht32f5xxxx_usart.c...
compiling ht32f5xxxx_spi.c...
compiling ht32_retarget.c...
compiling ht32_serial.c...
compiling ht32f5xxxx_tm.c...
compiling i2c_eeprom.c...
compiling ht32_board.c...
compiling ht32f5xxxx_usbd.c...
compiling ebi_lcd.c...
compiling spi_flash.c...
linking...
Program Size: Code=5064 RO-data=68 RW-data=4 ZI-data=520  
FromELF: creating hex file...
After Build - User command #1: fromelf --bin -o ".\HT32\52367\Obj\HT32.axf.bin" ".\HT32\52367\Obj\HT32.axf"
".\HT32\52367\Obj\HT32.axf" - 0 Error(s), 0 Warning(s).

<h2>Software Packages used:</h2>

Package Vendor: Holtek
                https://mcu.holtek.com.tw/pack/Holtek.HT32_DFP.1.0.44.pack
                Holtek.HT32_DFP.1.0.44
                Holtek HT32 Family Support

<h2>Collection of Component include folders:</h2>
  C:/Users/Admin/AppData/Local/Arm/Packs/Holtek/HT32_DFP/1.0.44/ARM/INC/Holtek/HT32F5xxxx

<h2>Collection of Component Files used:</h2>
Build Time Elapsed:  00:00:01
</pre>
</body>
</html>
